Reading table at ../../../../acceptance/tests/dat/out/reader_tests/generated/basic_partitioned/delta/
version: 1

Schema:
├─ letter: string
├─ number: long
└─ a_float: double


Table Data:
-----------

number: int64
a_float: double
letter: string
----
number:
  [
    [
      4
    ],
    [
      5
    ],
  ...,
    [
      2
    ],
    [
      3
    ]
  ]
a_float:
  [
    [
      4.4
    ],
    [
      5.5
    ],
  ...,
    [
      2.2
    ],
    [
      3.3
    ]
  ]
letter:
  [
    [
      "a"
    ],
    [
      "e"
    ],
  ...,
    [
      "b"
    ],
    [
      "c"
    ]
  ]

